<testsuites id="" name="" tests="1" failures="1" skipped="0" errors="0" time="2.5387389999999996">
<testsuite name="APITests.spec.js" timestamp="2025-05-26T09:19:31.270Z" hostname="chromium" tests="1" failures="1" skipped="0" time="0.932" errors="0">
<testcase name="Create Users" classname="APITests.spec.js" time="0.932">
<failure message="APITests.spec.js:11:6 Create Users" type="FAILURE">
<![CDATA[  [chromium] › APITests.spec.js:11:6 › Create Users ────────────────────────────────────────────────

    Error: expect(received).toBe(expected) // Object.is equality

    Expected: 201
    Received: 401

      19 |
      20 |   console.log(await response.json());
    > 21 |   expect(response.status()).toBe(201);
         |                             ^
      22 |
      23 |   var res = await response.json();
      24 |   userid = res.id;
        at D:\Indomaret Group - Viriya Dhika\Development\playwrightAutomation\ExploreQAPlaywright\tests\APITests.spec.js:21:29

    Error Context: ..\test-results\APITests-Create-Users-chromium\error-context.md
]]>
</failure>
<system-out>
<![CDATA[{
  error: [32m'Missing API key.'[39m,
  how_to_get_one: [32m'https://reqres.in/signup'[39m
}

[[ATTACHMENT|test-results\APITests-Create-Users-chromium\error-context.md]]
]]>
</system-out>
</testcase>
</testsuite>
</testsuites>